
> aegis-frontend@0.1.0 dev
> vite --port 5173 --strictPort


  [32m[1mVITE[22m v6.4.3[39m  [2mready in [0m[1m277[22m[2m[0m ms[22m

  [32m➜[39m  [1mLocal[22m:   [36mhttp://localhost:[1m5173[22m/[39m
[2m  [32m➜[39m  [1mNetwork[22m[2m: use [22m[1m--host[22m[2m to expose[22m
[2m8:37:15 pm[22m [36m[1m[vite][22m[39m [90m[2m(client)[22m[39m [32mhmr update [39m[2m/src/components/StrategyComparison.tsx, /src/index.css[22m
[2m8:38:31 pm[22m [36m[1m[vite][22m[39m [32m.env.local changed, restarting server...[39m
[2m8:38:31 pm[22m [36m[1m[vite][22m[39m server restarted.
[2m9:23:59 pm[22m [31m[1m[vite][22m[39m [31mhttp proxy error: /workflow/state[39m
Error: connect ECONNREFUSED ::1:8000
    at TCPConnectWrap.afterConnect [as oncomplete] (node:net:1615:16)
[2m9:23:59 pm[22m [31m[1m[vite][22m[39m [31mhttp proxy error: /workflow-state[39m
Error: connect ECONNREFUSED ::1:8000
    at TCPConnectWrap.afterConnect [as oncomplete] (node:net:1615:16)
[2m9:27:10 pm[22m [31m[1m[vite][22m[39m [31mhttp proxy error: /workflow-state[39m
Error: connect ECONNREFUSED ::1:8000
    at TCPConnectWrap.afterConnect [as oncomplete] (node:net:1615:16)
[2m9:28:17 pm[22m [36m[1m[vite][22m[39m [90m[2m(client)[22m[39m [32mpage reload [39m[2msrc/test/server.ts[22m
[2m9:28:23 pm[22m [36m[1m[vite][22m[39m [90m[2m(client)[22m[39m [32mhmr update [39m[2m/src/index.css, /src/pages/StrategyDetailsPage.tsx, /src/pages/DashboardPage.tsx, /src/pages/ConfigurationPage.tsx, /src/components/RunCycleButton.tsx[22m
[2m9:28:32 pm[22m [36m[1m[vite][22m[39m [32mvite.config.ts changed, restarting server...[39m
[2m9:28:32 pm[22m [36m[1m[vite][22m[39m server restarted.
[2m9:34:35 pm[22m [36m[1m[vite][22m[39m [32mvite.config.ts changed, restarting server...[39m
[2m9:34:35 pm[22m [36m[1m[vite][22m[39m server restarted.
[2m9:34:46 pm[22m [31m[1m[vite][22m[39m [31mhttp proxy error: /context[39m
Error: connect ECONNREFUSED ::1:8000
    at TCPConnectWrap.afterConnect [as oncomplete] (node:net:1615:16)
[2m9:34:46 pm[22m [31m[1m[vite][22m[39m [31mhttp proxy error: /strategy[39m
Error: connect ECONNREFUSED ::1:8000
    at TCPConnectWrap.afterConnect [as oncomplete] (node:net:1615:16)
[2m9:34:46 pm[22m [31m[1m[vite][22m[39m [31mhttp proxy error: /monitoring[39m
Error: connect ECONNREFUSED ::1:8000
    at TCPConnectWrap.afterConnect [as oncomplete] (node:net:1615:16)
[2m9:34:46 pm[22m [31m[1m[vite][22m[39m [31mhttp proxy error: /workflow-state[39m
Error: connect ECONNREFUSED ::1:8000
    at TCPConnectWrap.afterConnect [as oncomplete] (node:net:1615:16)
[2m9:34:46 pm[22m [31m[1m[vite][22m[39m [31mhttp proxy error: /workflow/state[39m
Error: connect ECONNREFUSED ::1:8000
    at TCPConnectWrap.afterConnect [as oncomplete] (node:net:1615:16)
[2m9:34:46 pm[22m [31m[1m[vite][22m[39m [31mhttp proxy error: /portfolio/latest[39m
Error: connect ECONNREFUSED ::1:8000
    at TCPConnectWrap.afterConnect [as oncomplete] (node:net:1615:16)
[2m9:35:18 pm[22m [36m[1m[vite][22m[39m [32mvite.config.ts changed, restarting server...[39m
[2m9:35:18 pm[22m [36m[1m[vite][22m[39m server restarted.
[2m9:51:42 pm[22m [31m[1m[vite][22m[39m [31mhttp proxy error: /strategy/hypotheses/cyc-001[39m
Error: connect ECONNREFUSED 127.0.0.1:8000
    at TCPConnectWrap.afterConnect [as oncomplete] (node:net:1615:16)
